// Jest Snapshot v1, https://goo.gl/fbAQLP

exports[`Landing Page Check if  Navbar is rendered 1`] = `
<div>
  <NavbarComponent />
  <div
    class="carouselDiv"
  >
    <div
      class="carousel slide"
      data-ride="carousel"
      id="carouselExampleCaptions"
    >
      <ol
        class="carousel-indicators"
      >
        <li
          class="active"
          data-slide-to="0"
          data-target="#carouselExampleCaptions"
        />
        <li
          data-slide-to="1"
          data-target="#carouselExampleCaptions"
        />
        <li
          data-slide-to="2"
          data-target="#carouselExampleCaptions"
        />
      </ol>
      <div
        class="carousel-inner"
      >
        <div
          class="carousel-item active"
        >
          <img
            alt="displayimg"
            class="d-block w-100"
            src="https://d1hdtc0tbqeghx.cloudfront.net/wp-content/uploads/2018/10/10095425/ecommerce-solutions-intro-img.jpg"
          />
          <div
            class="carousel-caption d-none d-md-block"
          >
            <h5>
              Freedom Sale
            </h5>
            <p>
              Big Savings on our products.
            </p>
          </div>
        </div>
        <div
          class="carousel-item"
        >
          <img
            alt="displayimg"
            class="d-block w-100"
            src="https://d1hdtc0tbqeghx.cloudfront.net/wp-content/uploads/2018/10/10095425/ecommerce-solutions-intro-img.jpg"
          />
          <div
            class="carousel-caption d-none d-md-block"
          >
            <h5>
              Product Mart
            </h5>
            <p>
              One stop for all your needs.
            </p>
          </div>
        </div>
        <div
          class="carousel-item"
        >
          <img
            alt="displayimg"
            class="d-block w-100"
            src="https://d1hdtc0tbqeghx.cloudfront.net/wp-content/uploads/2018/10/10095425/ecommerce-solutions-intro-img.jpg"
          />
          <div
            class="carousel-caption d-none d-md-block"
          >
            <h5>
              Shopping
            </h5>
            <p>
              Shop online and win prizes
            </p>
          </div>
        </div>
      </div>
      <a
        class="carousel-control-prev"
        data-slide="prev"
        href="#carouselExampleCaptions"
        role="button"
      >
        <span
          aria-hidden="true"
          class="carousel-control-prev-icon"
        />
        <span
          class="sr-only"
        >
          Previous
        </span>
      </a>
      <a
        class="carousel-control-next"
        data-slide="next"
        href="#carouselExampleCaptions"
        role="button"
      >
        <span
          aria-hidden="true"
          class="carousel-control-next-icon"
        />
        <span
          class="sr-only"
        >
          Next
        </span>
      </a>
    </div>
  </div>
  <section
    class="text-center about"
  >
    <h1>
      About US
    </h1>
    <div
      class="container"
    >
      <div
        class="row"
      >
        <div
          class="col-lg-4 col-sm-12 about-item wow lightSpeedIn"
          data-wow-offset="200"
        >
          <span
            class="fa fa-group"
          />
          <h2>
            Fully functional
          </h2>
          <p
            class="lead"
          >
            Login to app to view all features available in the platform
          </p>
        </div>
        <div
          class="col-lg-3 col-sm-12 about-item wow lightSpeedIn"
          data-wow-offset="200"
        >
          <span
            class="fa fa-info"
          />
          <h2>
            Statistics
          </h2>
          <p
            class="lead"
          >
            View the product statistics based on popularity
          </p>
        </div>
        <div
          class="clearfix visible-md-block visible-sm-block"
        />
        <div
          class="col-lg-4 col-sm-6 col-ex-12 about-item wow lightSpeedIn"
          data-wow-offset="200"
        >
          <span
            class="fa fa-shopping-cart"
          />
          <h2>
            Shop products
          </h2>
          <p
            class="lead"
          >
            Select from a wide range of available products
          </p>
        </div>
      </div>
    </div>
  </section>
  <div
    className="container"
  >
    <section>
      <div>
        <div
          className="row"
        >
          <div
            className="col-sm-12 col-lg-5"
            style={
              Object {
                "marginTop": "10%",
                "textAlign": "center",
              }
            }
          >
            <div>
              <h2>
                CONTACT US
              </h2>
            </div>
          </div>
          <div
            className="col-sm-12 col-lg-6"
          >
            <div
              className="row"
            >
              <div
                className="col-sm-8 col-sm-offset-2"
              >
                <form>
                  <input
                    data-form-email="true"
                    type="hidden"
                  />
                  <div
                    className="form-group"
                  >
                    <input
                      class="form-control"
                      data-form-field="Name"
                      name="name"
                      placeholder="Name*"
                      required=""
                      type="text"
                    />
                  </div>
                  <div
                    className="form-group"
                  >
                    <input
                      className="form-control"
                      data-form-field="Email"
                      name="email"
                      placeholder="Email*"
                      required=""
                      type="email"
                    />
                  </div>
                  <div
                    className="form-group"
                  >
                    <input
                      className="form-control"
                      data-form-field="Phone"
                      name="phone"
                      placeholder="Phone"
                      type="tel"
                    />
                  </div>
                  <div
                    className="form-group"
                  >
                    <textarea
                      className="form-control"
                      data-form-field="Message"
                      name="message"
                      placeholder="Message"
                      rows="7"
                    />
                  </div>
                  <div>
                    <button
                      className="btn btn-lg btn-danger"
                      type="submit"
                    >
                      CONTACT US
                    </button>
                  </div>
                </form>
              </div>
            </div>
          </div>
        </div>
      </div>
    </section>
  </div>
  <footer
    className="bg-light"
  >
    <div
      class="container"
    >
      <div
        class="row"
      >
        <div
          class="col-xs-6"
        >
          <p
            class="copyright-text"
          >
            Â© Product Mart 2020 All Rights Reserved
            <br />
            Designed by Avayer.
          </p>
        </div>
        <div
          class="col-xs-6"
        >
          <ul
            class="social-icons"
          >
            <li>
              <a
                class="facebook"
                href="http://www.facebook.com"
              >
                <i
                  class="fa fa-facebook fa-2x"
                />
              </a>
            </li>
            <li>
              <a
                class="twitter"
                href="http://www.twitter.com"
              >
                <i
                  class="fa fa-twitter fa-2x"
                />
              </a>
            </li>
            <li>
              <a
                class="dribbble"
                href="http://www.dribble.com"
              >
                <i
                  class="fa fa-dribbble fa-2x"
                />
              </a>
            </li>
            <li>
              <a
                class="linkedin"
                href="http://www.linkedin.com"
              >
                <i
                  class="fa fa-linkedin fa-2x"
                />
              </a>
            </li>
          </ul>
        </div>
      </div>
    </div>
  </footer>
</div>
`;

exports[`Landing Page Snapshot Of Landing Page 1`] = `
<div>
  <NavbarComponent />
  <div
    class="carouselDiv"
  >
    <div
      class="carousel slide"
      data-ride="carousel"
      id="carouselExampleCaptions"
    >
      <ol
        class="carousel-indicators"
      >
        <li
          class="active"
          data-slide-to="0"
          data-target="#carouselExampleCaptions"
        />
        <li
          data-slide-to="1"
          data-target="#carouselExampleCaptions"
        />
        <li
          data-slide-to="2"
          data-target="#carouselExampleCaptions"
        />
      </ol>
      <div
        class="carousel-inner"
      >
        <div
          class="carousel-item active"
        >
          <img
            alt="displayimg"
            class="d-block w-100"
            src="https://d1hdtc0tbqeghx.cloudfront.net/wp-content/uploads/2018/10/10095425/ecommerce-solutions-intro-img.jpg"
          />
          <div
            class="carousel-caption d-none d-md-block"
          >
            <h5>
              Freedom Sale
            </h5>
            <p>
              Big Savings on our products.
            </p>
          </div>
        </div>
        <div
          class="carousel-item"
        >
          <img
            alt="displayimg"
            class="d-block w-100"
            src="https://d1hdtc0tbqeghx.cloudfront.net/wp-content/uploads/2018/10/10095425/ecommerce-solutions-intro-img.jpg"
          />
          <div
            class="carousel-caption d-none d-md-block"
          >
            <h5>
              Product Mart
            </h5>
            <p>
              One stop for all your needs.
            </p>
          </div>
        </div>
        <div
          class="carousel-item"
        >
          <img
            alt="displayimg"
            class="d-block w-100"
            src="https://d1hdtc0tbqeghx.cloudfront.net/wp-content/uploads/2018/10/10095425/ecommerce-solutions-intro-img.jpg"
          />
          <div
            class="carousel-caption d-none d-md-block"
          >
            <h5>
              Shopping
            </h5>
            <p>
              Shop online and win prizes
            </p>
          </div>
        </div>
      </div>
      <a
        class="carousel-control-prev"
        data-slide="prev"
        href="#carouselExampleCaptions"
        role="button"
      >
        <span
          aria-hidden="true"
          class="carousel-control-prev-icon"
        />
        <span
          class="sr-only"
        >
          Previous
        </span>
      </a>
      <a
        class="carousel-control-next"
        data-slide="next"
        href="#carouselExampleCaptions"
        role="button"
      >
        <span
          aria-hidden="true"
          class="carousel-control-next-icon"
        />
        <span
          class="sr-only"
        >
          Next
        </span>
      </a>
    </div>
  </div>
  <section
    class="text-center about"
  >
    <h1>
      About US
    </h1>
    <div
      class="container"
    >
      <div
        class="row"
      >
        <div
          class="col-lg-4 col-sm-12 about-item wow lightSpeedIn"
          data-wow-offset="200"
        >
          <span
            class="fa fa-group"
          />
          <h2>
            Fully functional
          </h2>
          <p
            class="lead"
          >
            Login to app to view all features available in the platform
          </p>
        </div>
        <div
          class="col-lg-3 col-sm-12 about-item wow lightSpeedIn"
          data-wow-offset="200"
        >
          <span
            class="fa fa-info"
          />
          <h2>
            Statistics
          </h2>
          <p
            class="lead"
          >
            View the product statistics based on popularity
          </p>
        </div>
        <div
          class="clearfix visible-md-block visible-sm-block"
        />
        <div
          class="col-lg-4 col-sm-6 col-ex-12 about-item wow lightSpeedIn"
          data-wow-offset="200"
        >
          <span
            class="fa fa-shopping-cart"
          />
          <h2>
            Shop products
          </h2>
          <p
            class="lead"
          >
            Select from a wide range of available products
          </p>
        </div>
      </div>
    </div>
  </section>
  <div
    className="container"
  >
    <section>
      <div>
        <div
          className="row"
        >
          <div
            className="col-sm-12 col-lg-5"
            style={
              Object {
                "marginTop": "10%",
                "textAlign": "center",
              }
            }
          >
            <div>
              <h2>
                CONTACT US
              </h2>
            </div>
          </div>
          <div
            className="col-sm-12 col-lg-6"
          >
            <div
              className="row"
            >
              <div
                className="col-sm-8 col-sm-offset-2"
              >
                <form>
                  <input
                    data-form-email="true"
                    type="hidden"
                  />
                  <div
                    className="form-group"
                  >
                    <input
                      class="form-control"
                      data-form-field="Name"
                      name="name"
                      placeholder="Name*"
                      required=""
                      type="text"
                    />
                  </div>
                  <div
                    className="form-group"
                  >
                    <input
                      className="form-control"
                      data-form-field="Email"
                      name="email"
                      placeholder="Email*"
                      required=""
                      type="email"
                    />
                  </div>
                  <div
                    className="form-group"
                  >
                    <input
                      className="form-control"
                      data-form-field="Phone"
                      name="phone"
                      placeholder="Phone"
                      type="tel"
                    />
                  </div>
                  <div
                    className="form-group"
                  >
                    <textarea
                      className="form-control"
                      data-form-field="Message"
                      name="message"
                      placeholder="Message"
                      rows="7"
                    />
                  </div>
                  <div>
                    <button
                      className="btn btn-lg btn-danger"
                      type="submit"
                    >
                      CONTACT US
                    </button>
                  </div>
                </form>
              </div>
            </div>
          </div>
        </div>
      </div>
    </section>
  </div>
  <footer
    className="bg-light"
  >
    <div
      class="container"
    >
      <div
        class="row"
      >
        <div
          class="col-xs-6"
        >
          <p
            class="copyright-text"
          >
            Â© Product Mart 2020 All Rights Reserved
            <br />
            Designed by Avayer.
          </p>
        </div>
        <div
          class="col-xs-6"
        >
          <ul
            class="social-icons"
          >
            <li>
              <a
                class="facebook"
                href="http://www.facebook.com"
              >
                <i
                  class="fa fa-facebook fa-2x"
                />
              </a>
            </li>
            <li>
              <a
                class="twitter"
                href="http://www.twitter.com"
              >
                <i
                  class="fa fa-twitter fa-2x"
                />
              </a>
            </li>
            <li>
              <a
                class="dribbble"
                href="http://www.dribble.com"
              >
                <i
                  class="fa fa-dribbble fa-2x"
                />
              </a>
            </li>
            <li>
              <a
                class="linkedin"
                href="http://www.linkedin.com"
              >
                <i
                  class="fa fa-linkedin fa-2x"
                />
              </a>
            </li>
          </ul>
        </div>
      </div>
    </div>
  </footer>
</div>
`;
